// Jest Snapshot v1, https://goo.gl/fbAQLP

exports[`Anchor matches snapshot 1`] = `
<DocumentFragment>
  <div
    class="css-2imjyh"
  >
    Card content
  </div>
</DocumentFragment>
`;
