// Jest Snapshot v1, https://goo.gl/fbAQLP

exports[`CaretDown matches snapshot 1`] = `
<DocumentFragment>
  <svg
    fill="#f4f5f7"
    viewBox="0 0 20 20"
  >
    <path
      clip-rule="evenodd"
      d="M5.293 7.293a1 1 0 011.414 0L10 10.586l3.293-3.293a1 1 0 111.414 1.414l-4 4a1 1 0 01-1.414 0l-4-4a1 1 0 010-1.414z"
      fill-rule="evenodd"
    />
  </svg>
</DocumentFragment>
`;
