// Jest Snapshot v1, https://goo.gl/fbAQLP

exports[`Cross matches snapshot 1`] = `
<DocumentFragment>
  <svg
    fill="#f4f5f7"
    stroke="currentColor"
    viewBox="0 0 24 24"
  >
    <path
      d="M4 6h16M4 12h16M4 18h16"
      stroke-linecap="round"
      stroke-linejoin="round"
      stroke-width="2"
    />
  </svg>
</DocumentFragment>
`;
